<html>
<body>
<pre>
<h1>礦ision Build Log</h1>
<h2>Tool Versions:</h2>
IDE-Version: μVision V5.39.0.0
Copyright (C) 2023 ARM Ltd and ARM Germany GmbH. All rights reserved.
License Information: zx h, 11, LIC=----
 
Tool Versions:
Toolchain:       MDK-Lite  Version: 5.39.0.0
Toolchain Path:  F:\webdownload\keilnew\ARM\ARMCLANG\Bin
C Compiler:      ArmClang.exe V6.21
Assembler:       Armasm.exe V6.21
Linker/Locator:  ArmLink.exe V6.21
Library Manager: ArmAr.exe V6.21
Hex Converter:   FromElf.exe V6.21
CPU DLL:         SARMCM3.DLL V5.39.0.0
Dialog DLL:      DARMCM1.DLL V1.19.6.0
Target DLL:      CMSIS_AGDI.dll V1.33.16.0
Dialog DLL:      TARMCM1.DLL V1.14.6.0
 
<h2>Project:</h2>
F:\download\小车\电赛小车终极版（最终版)\user\project.uvprojx
Project File Date:  05/26/2025

<h2>Output:</h2>
*** Using Compiler 'V6.21', folder: 'F:\webdownload\keilnew\ARM\ARMCLANG\Bin'
Build target 'Target 1'
compiling ti_msp_dl_config.c...
compiling key.c...
compiling main.c...
compiling serical.c...
compiling _pid.c...
compiling track.c...
compiling buzzer_light.c...
compiling encoder.c...
compiling isr.c...
compiling ml_tim.c...
compiling IMU.c...
compiling ml_delay.c...
compiling ml_uart.c...
compiling ml_system.c...
compiling ml_pwm.c...
compiling ml_oled.c...
compiling ml_i2c.c...
compiling ml_mpu6050.c...
compiling ml_exti.c...
compiling ml_motor.c...
compiling ml_gpio.c...
compiling xunji.c...
linking...
Program Size: Code=16940 RO-data=1780 RW-data=0 ZI-data=1616  
".\Objects\project.axf" - 0 Error(s), 0 Warning(s).

<h2>Software Packages used:</h2>

Package Vendor: TexasInstruments
                https://software-dl.ti.com/msp430/esd/MSPM0-CMSIS/MSPM0G1X0X_G3X0X/latest/exports/TexasInstruments.MSPM0G1X0X_G3X0X_DFP.1.3.1.pack
                TexasInstruments::MSPM0G1X0X_G3X0X_DFP@1.3.1
                Device Family Pack for Texas Instruments MSPM0G1X0X_G3X0X Series

<h2>Collection of Component include folders:</h2>

<h2>Collection of Component Files used:</h2>
Build Time Elapsed:  00:00:42
</pre>
</body>
</html>
